[    0.000000] Initializing cgroup subsys cpuset
[    0.000000] Initializing cgroup subsys cpu
[    0.000000] Initializing cgroup subsys cpuacct
[    0.000000] Linux version 4.4.0-112-generic (buildd@lgw01-amd64-010) (gcc version 5.4.0 20160609 (Ubuntu 5.4.0-6ubuntu1~16.04.5) ) #135-Ubuntu SMP Fri Jan 19 11:48:36 UTC 2018 (Ubuntu 4.4.0-112.135-generic 4.4.98)
[    0.000000] Command line: BOOT_IMAGE=/boot/vmlinuz-4.4.0-112-generic root=UUID=b6adc449-5e3d-4331-ba6b-6e99a75fa48e ro console=tty1 console=ttyS0
[    0.000000] KERNEL supported cpus:
[    0.000000]   Intel GenuineIntel
[    0.000000]   AMD AuthenticAMD
[    0.000000]   Centaur CentaurHauls
[    0.000000] x86/fpu: xstate_offset[2]:  576, xstate_sizes[2]:  256
[    0.000000] x86/fpu: Supporting XSAVE feature 0x01: 'x87 floating point registers'
[    0.000000] x86/fpu: Supporting XSAVE feature 0x02: 'SSE registers'
[    0.000000] x86/fpu: Supporting XSAVE feature 0x04: 'AVX registers'
[    0.000000] x86/fpu: Enabled xstate features 0x7, context size is 832 bytes, using 'standard' format.
[    0.000000] x86/fpu: Using 'lazy' FPU context switches.
[    0.000000] e820: BIOS-provided physical RAM map:
[    0.000000] BIOS-e820: [mem 0x0000000000000000-0x000000000009fbff] usable
[    0.000000] BIOS-e820: [mem 0x000000000009fc00-0x000000000009ffff] reserved
[    0.000000] BIOS-e820: [mem 0x00000000000f0000-0x00000000000fffff] reserved
[    0.000000] BIOS-e820: [mem 0x0000000000100000-0x000000003ffeffff] usable
[    0.000000] BIOS-e820: [mem 0x000000003fff0000-0x000000003fffffff] ACPI data
[    0.000000] BIOS-e820: [mem 0x00000000fec00000-0x00000000fec00fff] reserved
[    0.000000] BIOS-e820: [mem 0x00000000fee00000-0x00000000fee00fff] reserved
[    0.00000] BIOS-e820: [mem 0x00000000fffc0000-0x00000000ffffffff] reserved
[    0.000000] NX (Execute Disable) protection: active
[    0.000000] SMBIOS 2.5 present.
[    0.000000] Hypervisor detected: KVM
[    0.000000] e820: last_pfn = 0x3fff0 max_arch_pfn = 0x400000000
[    0.000000] MTRR: Disabled
[    0.000000] x86/PAT: MTRRs disabled, skipping PAT initialization too.
[    0.000000] CPU MTRRs all blank - virtualized system.
[    0.000000] x86/PAT: Configuration [0-7]: WB  WT  UC- UC  WB  WT  UC- UC  
[    0.000000] found SMP MP-table at [mem 0x0009fff0-0x0009ffff] mapped at [ffff88000009fff0]
[    0.000000] Scanning 1 areas for low memory corruption
[    0.000000] RAMDISK: [mem 0x3621e000-0x37106fff]
[    0.000000] ACPI: Early table checksum verification disabled
[    0.000000] ACPI: RSDP 0x00000000000E0000 000024 (v02 VBOX  )
[    0.000000] ACPI: XSDT 0x000000003FFF0030 00003C (v01 VBOX   VBOXXSDT 00000001 ASL  00000061)
[    0.000000] ACPI: FACP 0x000000003FFF00F0 0000F4 (v04 VBOX   VBOXFACP 00000001 ASL  00000061)
[    0.000000] ACPI: DSDT 0x000000003FFF0470 0021FF (v02 VBOX   VBOXBIOS 00000002 INTL 20160831)
[    0.000000] ACPI: FACS 0x000000003FFF000000040
[    0.000000] ACPI: FACS 0x000000003FFF0200 000040
[    0.000000] ACPI: APIC 0x000000003FFF0240 00005C (v02 VBOX   VBOXAPIC 00000001 ASL  00000061)
[    0.000000] ACPI: SSDT 0x000000003FFF02A0 0001CC (v01 VBOX   VBOXCPUT 00000002 INTL 20160831)
[    0.000000] No NUMA configuration found
[    0.000000] Faking a node at [mem 0x0000000000000000-0x000000003ffeffff]
[    0.000000] NODE_DATA(0) allocated [mem 0x3ffeb000-0x3ffeffff]
[    0.000000] kvm-clock: Using msrs 4b564d01 and 4b564d00
[    0.000000] kvm-clock: cpu 0, msr 0:3ffe3001, primary cpu clock
[    0.000000] kvm-clock: using sched offset of 4324276452 cycles
[    0.000000] clocksource: kvm-clock: mask: 0xffffffffffffffff max_cycles: 0x1cd42e4dffb, max_idle_ns: 881590591483 ns
[    0.000000] Zone ranges:
[    0.000000]   DMA      [mem 0x0000000000001000-0x0000000000ffffff]
[    0.000000]   DMA32    [mem 0x0000000001000000-0x000000003ffeffff]
[    0.000000]   Normal   empty
[    0.000000]   Device   empty
[    0.000000] Movable zone start for each node
[    0.000000] Early memory node ranges
[    0.000000]   node   0: [mem 0x0000000000001000-0x000000000009efff]
[    0.000000]   node   0: [mem 0x0000000000100000-0x000000003ffeffff]
[    0.000000] Initmem setup node 0 [mem 0x0000000000001000-0x000000003ffeffff]
[    0.000000] ACPI: PM-Timer IO Port: 0x4008
[    0.000000] IOAPIC[0]: apic_id 2, version 32, address 0xfec00000, GSI 0-23
[    0.000000] ACPI: INT_SRC_OVR (bus 0 bus_irq 0 global_irq 2 dfl dfl)
[    0.000000] ACPI: INT_SRC_OVR (bus 0 bus_irq 9 global_irq 9 low level)
[    0.000000] Using ACPI (MADT) for SMP configuration information
[    0.000000] smpboot: Allowing 2 CPUs, 0 hotplug CPUs
[    0.000000] PM: Registered nosave memory: [mem 0x00000000-0x00000fff]
[    0.000000] PM: Registered nosave memory: [mem 0x0009f000-0x0009ffff]
[    0.000000] PM: Registered nosave memory: [mem 0x000a0000-0x000effff]
[    0.000000] PM: Registered nosave memory: [mem 0x000f0000-0x000fffff]
[    0.000000] e820: [mem 0x40000000-0xfebfffff] available for PCI devices
[    0.000000] Booting paravirtualized kernel on KVM
[    0.000000] clocksource: refined-jiffies: mask: 0xffffffff max_cycles: 0xffffffff, max_idle_ns: 7645519600211568 ns
[    0.000000] setup_percpu: NR_CPUS:512 nr_cpumask_bits:512 nr_cpu_ids:2 nr_node_ids:1
[    0.000000] PERCPU: Embedded 34 pages/cpu @ffff88003fc00000 s99544 r8192 d31528 u1048576
[    0.000000] PV qspinlock hash table entries: 256 (order: 0, 4096 bytes)
[    0.000000] Built 1 zonelists in Node order, mobility grouping on.  Total pages: 257913
[    0.000000] Policy zone: DMA32
[    0.000000] Kernel command line: BOOT_IMAGE=/boot/vmlinuz-4.4.0-112-generic root=UUID=b6adc449-5e3d-4331-ba6b-6e99a75fa48e ro console=tty1 console=ttyS0
[    0.000000] PID hash table entries: 4096 (order: 3, 32768 bytes)
[    0.000000] Memory: 997264K/1048120K available (8499K kernel code, 1309K rwdata, 3988K rodata, 1508K init, 1316K bss, 50856K reserved, 0K cma-reserved)
[    0.000000] SLUB: HWalign=64, Order=0-3, MinObjects=0, CPUs=2, Nodes=1
[    0.000000] Kernel/User page tables isolation: enabled
[    0.000000] Hierarchical RCU implementatioo.
[    0.000000] 	Build-time adjustment of leaf fanout to 64.
[    0.000000] 	RCU restricting CPUs from NR_CPUS=512 to nr_cpu_ids=2.
[    0.000000] RCU: Adjusting geometry for rcu_fanout_leaf=64, nr_cpu_ids=2
[    0.000000] NR_IRQS:33024 nr_irqs:440 16
[    0.000000] Console: colour VGA+ 80x25
[    0.000000] console [tty1] enabled
[    0.000000] console [ttyS0] enabled
[    0.000000] tsc: Detected 2294.788 MHz processor
[    0.614131] Calibrating delay loop (skipped) preset value.. 4589.57 BogoMIPS (lpj=9179152)
[    0.616024] pid_max: default: 32768 minimum: 301
[    0.617045] ACPI: Core revision 20150930
[    0.619335] ACPI: 2 ACPI AML tables successfully acquired and loaded
[    0.620799] Seurity Framework initialized
[    0.666509] Yama: becoming mindful.
[    0.697517] AppArmor: AppArmor initialized
[    0.712013] Dentry cache hash table entries: 131072 (order: 8, 1048576 bytes)
[    0.714397] Inode-cache hash table entries: 65536 (order: 7, 524288 bytes)
[    0.763522] Mount-cache hash table entries: 2048 (order: 2, 16384 bytes)
[    0.764866] Mountpoint-cache hash table entries: 2048 (order: 2, 16384 bytes)
[    0.766524] Initializing cgroup subsys io
[    0.767467] Initializing cgroup subsys memory
[    0.768452] Initializing cgroup subsys devices
[    0.791583] Initializing cgroup subsys freezer
[    0.801527] Initializing cgroup subsys net_cls
[    0.802530] Initializing cgroup subsys perf_event
[    0.805591] Initializing cgroup subsys net_prio
[    0.871652] Initializing cgroup subsys hugetlb
[    0.872649] Initializing cgroup subsys pids
[    0.873744] CPU: Physical Processor ID: 0
[    0.874674] CPU: Processor Core ID: 0
[    0.875566] FEATURE SPEC_CTRL Not Present
[    0.876492] mce: CPU supports 0 MCE banks
[    0.877471] Last level iTLB entries: 4KB 512, 2MB 8, 4MB 8
[    0.878625] Last level dTLB entries: 4KB 512, 2MB 32, 4MB 32, 1GB 0
[    0.882656] Freeing SMP alternatives memory: 32K
[    0.903159] ftrace: allocating 32180 entries in 126 pages
[    1.002672] smpboot: APIC(00 Converting physical 0 to logical package 0
[    1.088330] smpboot: Max logical packages: 1
[    1.144726] x2apic enabled
[    1.145792] Switched APIC routing to physical x2apic.
[    1.148302] ..TIMER: vector=0x30 apic1=0 pin1=2 apic2=-1 pin2=-1
[    1.257724] smpboot: CPU0: Intel(R) Core(TM) i3-2350M CPU @ 2.30GHz (family: 0x6, model: 0x2a, stepping: 0x7)
[    1.362783] Performance Events: unsupported p6 CPU model 42 no PMU driver, software events only.
[    1.364845] KVM setup paravirtual spinlock
[    1.366700] x86: Booting SMP configuration:
[    1.379358] .... node  #0, CPUs:      #1
[    1.380417] kvm-clock: cpu 1, msr 0:3ffe3041, secondary cpu clock
[    1.381825] mce: CPU supports 0 MCE banks
[    1.384639] x86: Booted up 1 node, 2 CPUs
[    1.422309] smpboot: Total of 2 processors activated (9179.15 BogoMIPS)
[    1.502427] devtmpfs: initialized
[    1.560604] evm: security.selinux
[    1.617727] evm: security.SMACK64
[    1.652671] evm: security.SMACK64EXEC
[    1.697095] evm: security.SMACK64TRANSMUTE
[    1.763194] evm: security.SMACK64MMAP
[    1.773934] evm: security.ima
[    1.774702] evm: security.capability
[    1.775853] clocksource: jiffies: mask: 0xffffffff max_cycles: 0xffffffff, max_idle_ns: 7645041785100000 ns
[    1.810538] futex hash table entries: 512 (order: 3, 32768 bytes)
[    1.812022] pinctrl core: initialized pinctrl subsystem
[    1.813285] RTC time: 16:49:48, date: 04/07/18
[    1.857383] NET: Registered protocol family 16
[    1.898143] cpuidle: using governor ladder
[    2.026002] cpuidle: using governor menu
[    2.117491] PCCT header not found.
[    2.118471] ACPI: bus type PCI registered
[    2.119390] acpiphp: ACPI Hot Plug PCI Controller Driver version: 0.5
[    2.120795] PCI: Using configuration type 1 for base access
[    2.135349] ACPI: Added _OSI(Module Device)
[    2.136978] ACPI: Added _OSI(Processor Device)
[    2.139006] ACPI: Added _OSI(3.0 _SCP Extensions)
[    2.140795] ACPI: Added _OSI(Processor Aggregator Device)
[    2.144571] ACPI: Executed 1 blocks of module-level executable AML code
[    2.148958] ACPI: Interpreter enabled
[    2.149875] ACPI: (supports S0 S5)
[    2.150737] ACPI: Using IOAPIC for interrupt routing
[    2.152084] PCI: Using host bridge windows from ACPI; if necessary, use "pci=nocrs" and report a bug
[    2.158586] ACPI: PCI Root Bridge [PCI0] (domain 0000 [bus 00-ff])
[    2.159843] acpi PNP0A03:00: _OSC: OS supports [ASPM ClockPM Segments MSI]
[    2.162719] acpi PNP0A03:00: _OSC: not requesting OS control; OS requires [ExtendedConfig ASPM ClockPM MSI]
[    2.164732] acpi PNP0A03:00: fail to add MMCONFIG information, can't access extended PCI configuration space under this bridge.
[    2.168481] PCI host bridge to bus 0000:00
[    2.169411] pci_bus 0000:00: root bus resource [io  0x0000-0x0cf7 window]
[    2.170977] pci_bus 0000:00: root bus resource [io  0x0d00-0xffff window]
[    2.172470] pci_bus 0000:00: root bus resource [mem 0x000a0000-0x000bffff window]
[    2.174919] pci_bus 0000:00: root bus resource [mem 0x40000000-0xfdffffff window]
[    2.190700] pci_bus 0000:00: root bus resource [bus 00-ff]
[    2.193900] pci 0000:00:01.1: legacy IDE quirk: reg 0x10: [io  0x01f0-0x01f7]
[    2.376686] pci 0000:00:01.1: legacy IDE quirk: reg 0x14: [io  0x03f6]
[    2.386315] pci 0000:00:01.1: legacy IDE quirk: reg 0x18: [io  0x0170-0x0177]
[    2.399376] pci 0000:00:01.1: legacy IDE quirk: reg 0x1c: [io  0x0376]
[    2.479908] pci 0000:00:07.0: quirk: [io  0x4000-0x403f] claimed by PIIX4 ACPI
[    2.501607] pci 0000:00:07.0: quirk: [io  0x4100-0x410f] claimed by PIIX4 SMB
[    2.543602] ACPI: PCI Interrupt Link [LNKA] (IRQs 5 9 10 *11)
[    2.584451] ACPI: PCI Interrupt Link [LNKB] (IRQs 5 9 *10 11)
[    2.591498] ACPI: PCI Interrupt Link [LNKC] (IRQs 5 *9 10 11)
[    2.603199] ACPI: PCI Interrupt Link [LNKD] (IRQs 5 9 10 *11)
[    2.605016] ACPI: Enabled 2 GPEs in block 00 to 07
[    2.662102] vgaarb: setting as boot device: PCI:0000:00:02.0
[    2.726215] vgaarb: device added: PCI:0000:00:02.0,decodes=io+mem,owns=io+mem,locks=none
[    2.825544] vgaarb: loaded
[    2.878437] vgaarb: bridge control possible 0000:00:02.0
[    2.922614] SCSI subsystem initialized
[    2.977694] ACPI: bus type USB registered
[    3.002260] usbcore: registered new interface driver usbfs
[    3.066990] usbcore: registered new interface driver hub
[    3.160361] usbcore: registered new device driver usb
[    3.207448] PCI: Using ACPI for IRQ routing
[    3.258032] NetLabel: Initializing
[    3.282355] NetLabel:  ddmain hash size = 128
[    3.332350] NetLabel:  protocols = UNLABELED CIPSOv4
[    3.404859] NetLabel:  unlabeled traffic allowed by default
[    3.457036] amd_nb: Cannot enumerate AMD northbridges
[    3.483548] clocksource: Switched to clocksource kvm-clock
[   3.966]AppArmor: AppArmor Filesystem Enabled
[    3.712519] pnp: PnP ACPI init
[    3.714274] pnp: PnP ACPI: found 3 devices
[   3.728063] clocksource: acpi_pm: mask: 0xffffff max_cycles: 0xffffff, max_idle_ns: 2085701024 ns
[    3.759553] NET: Registered protocol family 2

[    3.761238] TCP established hash table entries: 8192 (order: 4, 65536 bytes)
[    3.862565] TCP bind hash table entries: 8192 (order: 5, 131072 bytes)
[    3.863862] TCP: Hash tables configured (established 8192 bind 8192)
[    3.865178] UDP hash table entries: 512 (order: 2, 16384 bytes)
[    3.866384] UDP-Lite hash table entries: 512 (order: 2, 16384 bytes)
[    3.867685] NET: Registered protocol family 1
[    3.868699] pci 0000:00:00.0: Limiting direct PCI/PCI transfers
[    3.869916 p 00::00:ctatg A A ngorrond
[  4676]npki itrfs.
[    5.508252] Freeing initrd memory: 15268K
[    5.533404] RAPL PMU detected, API unit is 2^-32 Joules, 3 fixed counters 10737418240 ms ovfl timer
[    5.553671] hw unit of domain pp0-core 2^-0 Joules
[    5.555074] hw unit of domain package 2^-0 Joules
[    5.556476] hw unit of domain pp1-gpu 2^-0 Joules
[    5.557938] platform rtc_cmos: registered platform RTC device (no PNP device found)
[    5.562534] Scanning for low memory corruption every 60 seconds
[    5.565893] audit: initializing netlink subsys (disabled)
[    5.570681] audit: type=2000 audit(1523119794.401:1): initialized
[    5.572794] Initialise system trusted keyring
[    5.574590] HugeTLB registered 2 MB page size, pre-allocated 0 pages
[    5.580052] zbud: loaded
[    5.685006] VFS: Disk quotas dquot_6.6.0
[    5.693384] VFS: Dquot-cache hash table entries: 512 (order 0, 4096 bytes)
[    5.699599] squashfs: version 4.0 (2009/01/31) Phillip Lougher
[    5.714173] fuse init (API version 7.23)
[    5.733322] Key type big_key registered
[    5.734262] Allocating IMA MOK and blacklist keyrings.
[    5.737448] Key type asymmetric registered
[    5.738395] Asymmetric key parser 'x509' registered
[    5.739533] Block layer SCSI generic (bsg) driver version 0.4 loaded (major 249)
[    5.743395] io scheduler noop registered
[    5.745245] io scheduler deadline registered (default)
[    5.746979] io scheduler cfq registered
[    5.748183] pci_hotplug: PCI Hot Plug PCI Core version: 0.5
[    5.749368] pciehp: PCI Express Hot Plug Controller Driver version: 0.4
[    5.753622] ACPI: AC Adapter [AC] (on-line)
[    5.754667] input: Power Button as /devices/LNXSYSTM:00/LNXPWRBN:00/input/input0
[    5.756394] ACPI: Power Button [PWRF]
[    5.757353] input: Sleep Button as /devices/LNXSYSTM:00/LNXSLPBN:00/input/input1
[    5.759041] ACPI: Sleep Button [SLPF]
[    5.764503] GHES: HEST is not enabled!
[    5.766267] ACPI: Battery Slot [BAT0] (battery present)
[    5.767466] Serial: 8250/16550 driver, 32 ports, IRQ sharing enabled
[    5.791102] 00:02: ttyS0 at I/O 0x3f8 (irq = 4, base_baud = 115200) is a 16550A
[    6.434821] Linux agpgart interface v0.103
[    6.792994] tsc: Refined TSC clocksource calibration: 2296.227 MHz
[    6.827827] clocksource: tsc: mask: 0xffffffffffffffff max_cycles: 0x21194939f44, max_idle_ns: 440795320599 ns
[    6.847392] loop: module loaded
[    6.887589] scsi host0: ata_piix
[    6.983088] scsi host1 a_px
[    7.184374] ata1: PAT m UA/ c 0f0tl0x3f6 bmdma 0xd000 irq 14
[    7.733167] ata2: PATA max UDMA/33 cmd 0x170 ctl 0x376 bmdma 0xd008 irq 15
[    7.857858] libphy: Fixed MDIO Bus: probed
[    7.901697] tun: Universal TUN/TAP device driver, 1.6
[    7.923495] tun: (C) 1999-2004 Max Krasnyansky <maxk@qualcomm.com>
[    7.924869] PPP generic driver version 2.4.2
[    7.925915] ehci_hcd: USB 2.0 'Enhanced' Host Controller (EHCI) Driver
[    7.927229] ehci-pci: EHCI PCI platform driver
[    7.928273] ehci-platform: EHCI generic platform driver
[    7.929382] ohci_hcd: USB 1.1 'Open' Host Controller (OHCI) Driver
[    7.930666] ohci-pci: OHCI PCI platform driver
[    7.937240] ohci-platform: OHCI generic platform driver
[    8.003163] uhci_hcd: USB Universal Host Controller Interface driver
[    8.023374] i8042: PNP: PS/2 Controller [PNP0303:PS2K,PNP0f03:PS2M] at 0x60,0x64 irq 1,12
[    8.104096] serio: i8042 KBD port at 0x60,0x64 irq 1
[    8.174442] serio: i8042 AUX port at 0x60,0x64 irq 12
[    8.175713] mousedev: PS/2 mouse device common for all mice
[    8.177231] input: AT Translated Set 2 keyboard as /devices/platform/i8042/serio0/input/input2
[    8.267187] rtc_cmos rtc_cmos: rtc core: registered rtc_cmos as rtc0
[    8.350846] rtc_cmos rtc_cmos: alarms up to one day, 114 bytes nvram
[    8.355242] i2c /dev entries driver
[    8.358263] device-mapper: uevent: version 1.0.3
[   8.363820] device-mapper: ioctl: 4.34.0-ioctl (2015-10-28) initialised: dm-devel@redhat.com

[    8.395153] ledtrig-cpu: registered to indicate activity on CPUs
[    8.434706] NET: Registered protocol family 10
[    8.485815] NET: Registered protocol family 17
[    8.526516] Key type dns_resolver registered
[    8.573617] microcode: CPU0 sig=0x206a7, pf=0x10, revision=0x0
[    8.625512] microcode: CPU1 sig=0x206a7, pf=0x10, revision=0x0
[    8.629715] microcode: Microcode Update Driver: v2.01 <tigran@aivazian.fsnet.co.uk>, Peter Oruba
[    8.649712] registered taskstats version 1
[    8.685215] Loading compiled-in X.509 certificates
[    8.733093] Loaded X.509 cert 'Build time autogenerated kernel key: 4c603087bab8f0a02cb3b4e1fb4c40f507e71ef1'
[    8.843037] zswap: loaded using pool lzo/zbud
[    8.849014] Key type trusted registered
[    8.874227] Key type encrypted registered
[    8.932103] AppArmor: AppArmor sha1 policy hashing enabled
[    8.976178] ima: No TPM chip found, activating TPM-bypass!
[    9.021963] evm: HMAC attrs: 0x1
[    9.023250]   Magic number: 14:995:842
[    9.047650] rtc_cmos rtc_cmos: setting system clock to 2018-04-07 16:49:55 UTC (1523119795)
[    9.149851] BIOS EDD facility v0.16 2004-Jun-25, 0 devices found
[    9.203620] EDD information not available.
[    9.235375] Freeing unused kernel memory: 1508K
[    9.282881] Write protecting the kernel read-only data: 14336k
[    9.304422] Freeing unused kernel memory: 1728K
[    9.348468] Freeing unused kernel memory: 108K
Loading, please wait...
[    9.416708] random: systemd-udevd: uninitialized urandom read (16 bytes read, 3 bits of entropy available)
starting version[    9.417863] random: udevadm: uninitialized urandom read (16 bytes read, 3 bits of entropy available)
 229
[    9.417903] random: udevadm: uninitialized urandom read (16 bytes read, 3 bits of entropy available)
[    9.437100] random: udevadm: uninitialized urandom read (16 bytes read, 3 bits of entropy available)
[    9.437179] random: udevadm: uninitialized urandom read (16 bytes read, 3 bits of entropy available)
[    9.437469] random: udevadm: uninitialized urandom read (16 bytes read, 3 bits of entropy available)
[    9.437587] random: udevadm: uninitialized urandom read (16 bytes read, 3 bits of entropy available)
[    9.437706] random: udevadm: uninitialized urandom read (16 bytes read, 3 bits of entropy available)
[    9.437821] random: udevadm: uninitialized urandom read (16 bytes read, 3 bits of entropy available)
[    9.437936] random: udevadm: uninitialized urandom read (16 bytes read, 3 bits of entropy available)
[   10.107058] e1000: Intel(R) PRO/1000 Network Driver - version 7.3.21-k8-NAPI
[   10.133139] e1000: Copyright (c) 1999-2006 Intel Corporation.
[   10.143852] Fusion MPT base driver 3.04.20
[   10.154257] Copyright (c) 1999-2008 LSI Corporation
[   10.167871] Fusion MPT SPI Host driver 3.04.20
[   10.358905] input: ImExPS/2 Generic Explorer Mouse as /devices/platform/i8042/serio1/input/input4
[   10.550809] e1000 0000:00:03.0 eth0: (PCI:33MHz:32-bit) 02:1f:2a:60:99:e3
[   10.644842] e1000 0000:00:03.0 eth0: Intel(R) PRO/1000 Network Connection
[   10.722213] mptbase: ioc0: Initiating bringup
[   10.723325] e1000 0000:00:03.0 enp0s3: renamed from eth0
[   10.900510] ioc0: LSI53C1030 A0: Capabilities={Initiator}
[   11.083084] scsi host2: ioc0: LSI53C1030 A0, FwRev=00000000h, Ports=1, MaxQ=256, IRQ=20
[   11.265066] scsi 2:0:0:0: Direct-Access     VBOX     HARDDISK         1.0  PQ: 0 ANSI: 5
[   11.544944] scsi target2:0:0: Beginning Domain Validation
[   11.598452] scsi target2:0:0: Domain Validation skipping write tests
[   11.633817] scsi target2:0:0: Ending Domain Validation
[   11.774094] scsi target2:0:0: asynchronous
[   11.955246] scsi 2:0:1:0: Direct-Access     VBOX     HARDDISK         1.0  PQ: 0 ANSI: 5
[   11.970343] scsi target2:0:1: Beginning Domain Validation
[   12.003203] scsi target2:0:1: Domain Validation skipping write tests
[   12.004534] scsi target2:0:1: Ending Domain Validation
[   12.005733] scsi target2:0:1: asynchronous
[   12.015535] sd 2:0:0:0: [sda] 20971520 512-byte logical blocks: (10.7 GB/10.0 GiB)
[   12.015774] sd 2:0:0:0: Attached scsi generic sg0 type 0
[   12.016695] sd 2:0:1:0: Attached scsi generic sg1 type 0
[   12.027822] sd 2:0:1:0: [sdb] 20480 512-byte logical blocks: (10.5 MB/10.0 MiB)
[   12.028003] sd 2:0:0:0: [sda] Write Protect is off
[   12.028122] sd 2:0:0:0: [sda] Incomplete mode parameter data
[   12.028123] sd 2:0:0:0: [sda] Assuming drive cache: write through
[   12.117256]  sda: sda1
[   12.118171] sd 2:0:0:0: [sda] Attached SCSI disk
[   12.589256] sd 2:0:1:0: [sdb] Write Protect is off
[   12.591962] sd 2:0:1:0: [sdb] Incomplete mode parameter data
[   12.596541] sd 2:0:1:0: [sdb] Assuming drive cache: write through
[   12.635021] sd 2:0:1:0: [sdb] Attached SCSI disk
[   13.120208] floppy0: no floppy controllers found
Begin: Loading e[   15.386040] md: linear personality registered for level -1
ssential drivers ... [   15.641286] md: multipath personality registered for level -4
[   15.668156] md: raid0 personality registered for level 0
[   15.685359] md: raid1 personality registered for level 1
[   15.768811] raid6: sse2x1   gen()  6091 MB/s
[   15.844144] raid6: sse2x1   xor()  4962 MB/s
[   15.911583] raid6: sse2x2   gen()  7513 MB/s
[   15.984186] raid6: sse2x2   xor()  5744 MB/s
[   16.054175] raid6: sse2x4   gen()  8917 MB/s
[   16.139560] raid6: sse2x4   xor()  6420 MB/s
[   16.149698] raid6: using algorithm sse2x4 gen() 8917 MB/s
[   16.151234] raid6: .... xor() 6420 MB/s, rmw enabled
[   16.152706] raid6: using ssse3x2 recovery algorithm
[   16.157238] xor: automatically using best checksumming function:
[   16.227587]    avx       : 12555.000 MB/sec
[   16.297272] async_tx: api initialized (async)
[   16.329295] md: raid6 personality registered for level 6
[   16.382636] md: raid5 personality registered for level 5
[   16.445202] md: raid4 personality registered for level 4
[   16.530254] md: raid10 personality registered for level 10
done.
Begin: Running /scripts/init-premount ... done.[   16.596141] Btrfs loaded

Begin: Mounting root file system ... Begin: Running /scripts/local-top ... done.
Begin: Running /scripts/local-premount ... Scanning for Btrfs filesystems
done.
Warning: fsck not present, so skipping root file system
[   16.807843] EXT4-fs (sda1): mounted filesystem with ordered data mode. Opts: (null)
done.
Begin: Running /scripts/local-bottom ... done.
Begin: Running /scripts/init-bottom ... done.
[   17.628745] random: nonblocking pool is initialized
[   18.370295] systemd[1]: systemd 229 running in system mode. (+PAM +AUDIT +SELINUX +IMA +APPARMOR +SMACK +SYSVINIT +UTMP +LIBCRYPTSETUP +GCRYPT +GNUTLS +ACL +XZ -LZ4 +SECCOMP +BLKID +ELFUTILS +KMOD -IDN)
[   18.856524] systemd[1]: Detected virtualization oracle.
[   19.075488] systemd[1]: Detected architecture x86-64.

Welcome to [1mUbuntu 16.04.4 LTS[0m!

[   19.188682] systemd[1]: Set hostname to <ubuntu-xenial>.
[   22.260234] systemd[1]: Listening on Journal Socket (/dev/log).
[[0;32m  OK  [0m] Listening on Journal Socket (/dev/log).
[   22.421859] systemd[1]: Created slice User and Session Slice.
[[0;32m  OK  [0m] Created slice User and Session Slice.
[   22.487839] systemd[1]: Listening on /dev/initctl Compatibility Named Pipe.
[[0;32m  OK  [0m] Listening on /dev/initctl Compatibility Named Pipe.
[   22.491043] systemd[1]: Listening on Journal Audit Socket.
[[0;32m  OK  [0m] Listening on Journal Audit Socket.
[   22.493722] systemd[1]: Started Trigger resolvconf update for networkd DNS.
[[0;32m  OK  [0m] Started Trigger resolvconf update for networkd DNS.
[   22.496846] systemd[1]: Reached target Swap.
[[0;32m  OK  [0m] Reached target Swap.
[   22.499142] systemd[1]: Listening on udev Control Socket.
[[0;32m  OK  [0m] Listening on udev Control Socket.
[   22.501779] systemd[1]: Reached target System Time Synchronized.
[[0;32m  OK  [0m] Reached target System Time Synchronized.
[   22.504502] systemd[1]: Reached target User and Group Name Lookups.
[[0;32m  OK  [0m] Reached target User and Group Name Lookups.
[   22.507433] systemd[1]: Listening on udev Kernel Socket.
[[0;32m  OK  [0m] Listening on udev Kernel Socket.
[   22.516051] systemd[1]: Listening on Journal Socket.
[[0;32m  OK  [0m] Listening on Journal Socket.
[   22.532186] systemd[1]: Listening on Device-mapper event daemon FIFOs.
[[0;32m  OK  [0m] Listening on Device-mapper event daemon FIFOs.
[   22.560505] systemd[1]: Listening on LVM2 metadata daemon socket.
[[0;32m  OK  [0m] Listening on LVM2 metadata daemon socket.
[   22.588144] systemd[1]: Started Forward Password Requests to Wall Directory Watch.
[[0;32m  OK  [0m] Started Forward Password Requests to Wall Directory Watch.
[   23.360227] systemd[1]: Reached target Encrypted Volumes.
[[0;32m  OK  [0m] Reached target Encrypted Volumes.
[   23.370455] systemd[1]: Created slice System Slice.
[[0;32m  OK  [0m] Created slice System Slice.
[   23.428351] systemd[1]: Starting Load Kernel Modules...
         Starting Load Kernel Modules...
[   23.491841] systemd[1]: Reached target Slices.
[[0;32m  OK  [0m] Reached targ[   23.535090] Loading iSCSI transport class v2.0-870.
et Slices.
[   23.564802] systemd[1]: Created slice system-serial\x2dgetty.slice.
[[0;32m  OK  [0m] Created slice system-serial\x2dgetty.slice.
[   23.724046] systemd[1]: Starting Monitoring of LVM2 mirrors, snapshots etc. using dmeventd or progress polling...
[   23.748849] iscsi: registered transport (tcp)
         Starting Monitoring of LVM2 mirrors... dmeventd or progress polling...
[   23.754574] systemd[1]: Mounting Debug File System...
         Mounting Debug File System...
[   23.816412] systemd[1]: Starting Remount Root and Kernel File Systems...
         Starting Remount Root and Kernel File Systems...
[   23.972645] systemd[1]: Starting Uncomplicated firewall...
         Starting Uncomplicated firewall...
[   23.979070] systemd[1]: Created slice system-postgresql.slice.
[[0;32m  OK  [0m] Created slice system-postgresql.slice.
[   23.983031] systemd[1]: Mounting POSIX Message Queue File System...
         Mounting POSIX Message Queue File System...
[   24.048301] systemd[1]: Mounting Huge Pages File System...
         Mounting Huge Pages File System...
[   24.103022] systemd[1]: Starting Create list of required static device nodes for the current kernel...
         Starting Create list of required st... nodes for the current kernel...
[   24.134213] systemd[1]: Starting Set console keymap...
[   24.160916] EXT4-fs (sda1): re-mounted. Opts: (null)
         Starting Set console keymap...
[   24.212386] systemd[1]: Starting Nameserver information manager...
         Starting Nameserver information manager...
[   24.280571] systemd[1]: Listening on Syslog Socket.
[[0;32m  OK  [0m] Listening on Syslog Socket.
[   24.385416] systemd[1]: Starting Journal Service...
         Starting Journal Service...
[   24.407952] systemd[1]: Listening on LVM2 poll daemon socket.
[[0;32m  OK  [0m] Listening on LVM2 poll daemon socket.
[   24.437012] systemd[1]: Set up automount Arbitrary Executable File Formats File System Automount Point.
[[0;32m  OK  [0m] Set up automount Arbitrary Executab...ats File System Automount Point.
[   24.464566] iscsi: registered transport (iser)
[   24.583185] systemd[1]: Mounted Huge Pages File System.
[[0;32m  OK  [0m] Mounted Huge Pages File System.
[   24.635973] systemd[1]: Mounted Debug File System.
[[0;32m  OK  [0m] Mounted Debug File System.
[   24.666998] systemd[1]: Mounted POSIX Message Queue File System.
[[0;32m  OK  [0m] Mounted POSIX Message Queue File System.
[   24.693466] systemd[1]: Started Load Kernel Modules.
[[0;32m  OK  [0m] Started Load Kernel Modules.
[   24.723352] systemd[1]: Started Remount Root and Kernel File Systems.
[[0;32m  OK  [0m] Started Remount Root and Kernel File Systems.
[   24.79860] systemd[1]: Started Uncomplicated firewall.
[[0;32m  OK  [0m] Started Uncomplicated firewall.
[   24.938095] systemd[1]: Started Create lis o required static device nodes for the current kernel.
[[0;32m  OK  [0m] Started Create list of required sta...ce nodes for the current kernel.
[   25.141798] systemd[1]: Started Set console keymap.
[[0;32m  OK  [0m] Started Set console keymap.
[   25.455220] systemd[1]: Started Journal Service.
[[0;32m  OK  [0m] Started Journal Service.
[[0;32m  OK  [0m] Started Nameserver information manager.
[[0;32m  OK  [0m] Started LVM2 metadata daemon.
         Starting Create Static Device Nodes in /dev...
         Starting Load/Save Random Seed...
         Starting Flush Journal to Persistent Storage...
         Starting Initial cloud-init job (pre-networking)...
         Starting udev Coldplug all Devices...
         Mounting FUSE Control File System...
         Starting Apply Kernel Variables...
[[0;32m  OK  [0m] Mounted FUSE Control File System.
[[0;32m  OK  [0m] Started Load/Save Random Seed.
[   25.952805] systemd-journald[405]: Received request to flush runtime journal from PID 1
[[0;32m  OK  [0m] Started Flush Journal to Persistent Storage.
[[0;32m  OK  [0m] Started udev Coldplug all Devices.
[[0;32m  OK  [0m] Started Apply Kernel Variables.
[[0;32m  OK  [0m] Started Monitoring of LVM2 mirrors,...ng dmeventd or progress polling.
[[0;32m  OK  [0m] Started Create Static Device Nodes in /dev.
         Starting udev Kernel Device Manager...
[[0;32m  OK  [0m] Started udev Kernel Device Manager.
[[0;32m  OK  [0m] Reached target Local File Systems (Pre).
[[0;32m  OK  [0m] Reached target Local File Systems.
         Starting Set console font and keymap...
         Starting Create Volatile Files and Directories...
         Starting Tell Plymouth To Write Out Runtime Data...
         Starting LSB: AppArmor initialization...
[[0;32m  OK  [0m] Started Dispatch Password Requests to Console Directory Watch.
[[0;32m  OK  [0m] Started Tell Plymouth To Write Out Runtime Data.
[[0;32m  OK  [0m] Started Create Volatile Files and Directories.
         Starting Update UTMP about System Boot/Shutdown...
[[0;32m  OK  [0m] Found device /dev/ttyS0.
[[0;32m  OK  [0m] Started Update UTMP about System Boot/Shutdown.
[[0;32m  OK  [0m] Found device 82540EM Gigabit Ethern...r (PRO/1000 MT Desktop Adapter).
[[0;32m  OK  [0m] Started Set console font and keymap.
[[0;32m  OK  [0m] Created slice system-getty.slice.
[[0;32m  OK  [0m] Listening on Load/Save RF Kill Switch Status /dev/rfkill Watch.
[[0;32m  OK  [0m] Started LSB: AppArmor initialization.
[   33.985433] cloud-init[434]: Cloud-init v. 17.2 running 'init-local' at Sat, 07 Apr 2018 16:50:22 +0000. Up 32.88 seconds.
[[0;32m  OK  [0m] Started Initial cloud-init job (pre-networking).
[[0;32m  OK  [0m] Reached target Network (Pre).
[[0;32m  OK  [0m] Started ifup for enp0s3.
         Starting Raise network interfaces...
[[0;32m  OK  [0m] Started Raise network interfaces.
[[0;32m  OK  [0m] Reached target Network.
         Starting Initial cloud-init job (metadata service crawler)...
[   36.451699] cloud-init[964]: Cloud-init v. 17.2 running 'init' at Sat, 07 Apr 2018 16:50:24 +0000. Up 35.11 seconds.
[   36.504629] cloud-init[964]: ci-info: +++++++++++++++++++++++++++++++++++++Net device info++++++++++++++++++++++++++++++++++++++
[[0;32m  OK  [0m] Started Initial cloud-init job (metadata service crawler).
[   36.540903] cloud-init[964]: ci-info: +--------+------+----------------------------+---------------+-------+-------------------+
[   36.632911] cloud-init[964]: ci-info: | Device |  Up  |          Address           |      Mask     | Scope |     Hw-Address    |
[   36.657566] cloud-init[964]: ci-info: +--------+------+----------------------------+---------------+-------+-------------------+
[[0;32m  OK  [0m] Reached target Cloud-config availability.
[[0;32m  OK  [0m] Reached target Network is Online.
[   36.687694] cloud-init[964]: ci-info: | enp0s3 | True |         10.0.2.15          | 255.255.255.0 |   .   | 02:1f:2a:60:99:e3 |
[   36.774849] cloud-init[964]: ci-info: | enp0s3 | True | fe80::1f:2aff:fe60:99e3/64 |       .       |  link | 02:1f:2a:60:99:e3 |
[   36.779945] cloud-init[964]: ci-info: |   lo   | True |         127.0.0.1          |   255.0.0.0   |   .   |         .         |
[   36.782953] cloud-init[964]: ci-info: |   lo   | True |          ::1/128           |       .       |  host |         .         |
         Starting iSCSI initiator daemon (iscsid)...
[[0;32m  OK  [0m] Reached target System Initialization.
[   36.788219] cloud-init[964]: ci-info: +--------+------+----------------------------+---------------+-------+-------------------+
[   36.796843] cloud-init[964]: ci-info: +++++++++++++++++++++++++++Route IPv4 info++++++++++++++++++++++++++++
[   36.876853] cloud-init[964]: ci-info: +-------+-------------+----------+---------------+-----------+-------+
[[0;32m  OK  [0m] Started Daily apt download activities.
[[0;32m  OK  [0m] Started Daily apt upgrade and clean activities.
[   36.950543] cloud-init[964]: ci-info: | Route | Destination | Gateway  |    Genmask    | Interface | Flags |
[   37.086745] cloud-init[964]: ci-info: +-------+-------------+----------+---------------+-----------+-------+
[[0;32m  OK  [0m] Started Timer to automatically refresh installed snaps.
[[0;32m  OK  [0m] Listening on UUID daemon activation socket.
[   37.160179] cloud-init[964]: ci-info: |   0   |   0.0.0.0   | 10.0.2.2 |    0.0.0.0    |   enp0s3  |   UG  |
[   37.362685] cloud-init[964]: ci-info: |   1   |   10.0.2.0  | 0.0.0.0  | 255.255.255.0 |   enp0s3  |   U   |
[   37.444361] cloud-init[964]: ci-info: +-------+-------------+----------+---------------+-----------+-------+
         Starting Socket activation for snappy daemon.
         Starting LXD - unix socket.
[[0032m  OK  [0m] Started Daily Cleanup of Temporary Directories.
[[0;32m  OK  [0m] Listening on D-Bus System Message Bus Socket.
[[0;32m  OK  [0m] Started ACPI Events Check.
[[0;32m  OK  [0m] Reached target Paths.
[[0;32m  OK  [0m] Listening on ACPID Listen Socket.
[[0;32m  OK  [0m] Reached target Timers.
[[0;32m  OK  [0m] Listening on Socket activation for snappy daemon.
[[0;32m  OK  [0m] Listening on LXD - unix socket.
[[0;32m  OK  [0m] Reached target Sockets.
[[0;32m  OK  [0m] Reached target Basic System.
[[0;32m  OK  [0m] Started Deferred execution scheduler.
         Starting PostgreSQL Cluster 9.5-main...
[[0;32m  OK  [0m] Started Unattended Upgrades Shutdown.
[[0;32m  OK  [0m] Started D-Bus System Message Bus.
         Starting System Logging Service...
[[0;32m  OK  [0m] Started ACPI event daemon.
[[0;32m  OK  [0m] Started FUSE filesystem for LXC.
         Starting Accounts Service...
[[0;32m  OK  [0m] Started Regular background program processing daemon.
         Starting LSB: MD monitoring daemon...
         Starting /etc/rc.local Compatibility...
         Starting LSB: Record successful boot for GRUB...
         Starting Virtualbox guest utils...
         Starting Apply the settings specified in cloud-config...
         Starting Login Service...
         Starting OpenBSD Secure Shell server...
         Starting LXD - container startup/shutdown...
         Starting Snappy daemon...
[[0;32m  OK  [0m] Started iSCSI initiator daemon (iscsid).
[[0;32m  OK  [0m] Started /etc/rc.local Compatibility.
         Starting Login to default iSCSI targets...
[[0;32m  OK  [0m] Started Login Service.
[[0;32m  OK  [0m] Started System Logging Service.
[[0;32m  OK  [0m] Started LSB: MD monitoring daemon.
[[0;32m  OK  [0m] Started Login to default iSCSI targets.
[[0;32m  OK  [0m] Reached target Remote File Systems (Pre).
[[0;32m  OK  [0m] Reached target Remote File Systems.
         Starting LSB: Set the CPU Frequency Scaling governor to "ondemand"...
         Starting LSB: daemon to balance interrupts for SMP systems...
         Starting LSB: automatic crash report generation...
         Starting Permit User Sessions...
         Starting LSB: Start/stop sysstat's sadc...
[[0;32m  OK  [0m] Started LSB: Record successful boot for GRUB.
[[0;32m  OK  [0m] Started LSB: Set the CPU Frequency Scaling governor to "ondemand".
[[0;32m  OK  [0m] Started Permit User Sessions.
         Starting Hold until boot process finishes up...
         Starting Terminate Plymouth Boot Screen...
[[0;32m  OK  [0m] Started Hold until boot process finishes up.
[[0;32m  OK  [0m] Started Terminate Plymouth Boot Screen.
[[0;32m  OK  [0m] Started Getty on tty1.
         Starting Set console scheme...
[[0;32m  OK  [0m] Started Serial Getty on ttyS0.
[[0;32m  OK  [0m] Reached target Login Prompts.
[[0;32m  OK  [0m] Started LSB: Start/stop sysstat's sadc.
[[0;32m  OK  [0m] Started Set console scheme.
         Starting Authenticate and Authorize Users to Run Privileged Tasks...
[[0;32m  OK  [0m] Started LSB: automatic crash report generation.
[[0;32m  OK  [0m] Started LSB: daemon to balance interrupts for SMP systems.
[   41.955864] cloud-init[1052]: Cloud-init v. 17.2 running 'modules:config' at Sat, 07 Apr 2018 16:50:28 +0000. Up 39.49 seconds.
[[0;32m  OK  [0m] Started Apply the settings specified in cloud-config.
[[0;32m  OK  [0m] Started OpenBSD Secure Shell server.
[[0;32m  OK  [0m] Started Virtualbox guest utils.
[[0;32m  OK  [0m] Started Authenticate and Authorize Users to Run Privileged Tasks.
[[0;32m  OK  [0m] Started Accounts Service.
[[0;32m  OK  [0m] Created slice User Slice of vagrant.
         Starting User Manager for UID 1000...
[[0;32m  OK  [0m] Started Session 1 of user vagrant.
[[0;32m  OK  [0m] Started User Manager for UID 1000.

Ubuntu 16.04.4 LTS ubuntu-xenial ttyS0

ubuntu-xenial login: [   53.766388] cloud-init[1367]: Cloud-init v. 17.2 running 'modules:final' at Sat, 07 Apr 2018 16:50:42 +0000. Up 53.32 seconds.
[   53.767302] cloud-init[1367]: Cloud-init v. 17.2 finished at Sat, 07 Apr 2018 16:50:43 +0000. Datasource DataSourceNoCloud [seed=/dev/sdb][dsmode=net].  Up 53.75 seconds
